ls
more hello
less hello
cd code
ls
cd c
ls
cd ..
ls
cd ..
ls 
cd ..
ls
echo "# Lever-3-challenge" >> README.md
git init
git add README.md
git commit -m "nivel 3 holberton"
git config --global --edit
git commit -m "nivel 3 holberton"
root@ip-10-250-18-253:/# git config --global --edit
root@ip-10-250-18-253:/# git commit -m "nivel 3 holberton"
On branch master
Untracked files:
root@ip-10-250-18-253:/# git config --global --edit
root@ip-10-250-18-253:/# git commit -m "nivel 3 holberton"
On branch master
Untracked files:
root@ip-10-250-18-253:/# git config --global --edit
root@ip-10-250-18-253:/# git commit -m "nivel 3 holberton"
On branch master
Untracked files:
git branch -M master
git remote add origin https://github.com/Isaac179/Level-3-challenge.git
git push -u origin master
git add .
ls
git add .
rm -f .git/index.lock
git add .
pwd
sudo git init .
sudo git add -A
exit
